---
source: tests/golden_tests.rs
expression: cfg_to_dot(&g)
---
digraph {
    0 [ label = "[0] Entry (L2-L21)" ]
    1 [ label = "[1] Exit (L2-L21)" ]
    2 [ label = "[2] LoopHeader (L3-L4)" ]
    3 [ label = "[3] LoopExit (L3-L4)" ]
    4 [ label = "[4] Statement (L3-L3)" ]
    5 [ label = "[5] Statement (L4-L4)" ]
    6 [ label = "[6] Statement (L6-L6)" ]
    7 [ label = "[7] Unknown (L7-L8)" ]
    8 [ label = "[8] Statement (L10-L10)" ]
    9 [ label = "[9] LoopHeader (L11-L14)" ]
    10 [ label = "[10] LoopExit (L11-L14)" ]
    11 [ label = "[11] Statement (L12-L12)" ]
    12 [ label = "[12] Statement (L13-L13)" ]
    13 [ label = "[13] Statement (L16-L16)" ]
    14 [ label = "[14] LoopHeader (L17-L20)" ]
    15 [ label = "[15] LoopExit (L17-L20)" ]
    16 [ label = "[16] Statement (L18-L18)" ]
    17 [ label = "[17] Statement (L19-L19)" ]
    4 -> 2 [ label = "Seq" ]
    2 -> 5 [ label = "CondTrue" ]
    5 -> 2 [ label = "LoopBack" ]
    2 -> 3 [ label = "CondFalse" ]
    3 -> 6 [ label = "Seq" ]
    6 -> 7 [ label = "Seq" ]
    7 -> 8 [ label = "Seq" ]
    11 -> 12 [ label = "Seq" ]
    9 -> 11 [ label = "CondTrue" ]
    12 -> 9 [ label = "LoopBack" ]
    9 -> 10 [ label = "CondFalse" ]
    8 -> 9 [ label = "Seq" ]
    10 -> 13 [ label = "Seq" ]
    16 -> 17 [ label = "Seq" ]
    14 -> 16 [ label = "Seq" ]
    17 -> 15 [ label = "CondFalse" ]
    17 -> 14 [ label = "LoopBack" ]
    13 -> 14 [ label = "Seq" ]
    0 -> 2 [ label = "Seq" ]
    15 -> 1 [ label = "Seq" ]
}
